22:10:30 **** Incremental Build of configuration Debug for project lab_2 ****
make -j8 all 
arm-none-eabi-gcc "../Core/Src/main.c" -mcpu=cortex-m3 -std=gnu11 -g3 -DDEBUG -DUSE_HAL_DRIVER -DSTM32F103x6 -c -I../Core/Inc -I../Drivers/STM32F1xx_HAL_Driver/Inc -I../Drivers/STM32F1xx_HAL_Driver/Inc/Legacy -I../Drivers/CMSIS/Device/ST/STM32F1xx/Include -I../Drivers/CMSIS/Include -O0 -ffunction-sections -fdata-sections -Wall -fstack-usage -MMD -MP -MF"Core/Src/main.d" -MT"Core/Src/main.o" --specs=nano.specs -mfloat-abi=soft -mthumb -o "Core/Src/main.o"
arm-none-eabi-gcc -o "lab_2.elf" @"objects.list"   -mcpu=cortex-m3 -T"E:\Microcontroller\lab2_microcontroller\lab_2\STM32F103C6TX_FLASH.ld" --specs=nosys.specs -Wl,-Map="lab_2.map" -Wl,--gc-sections -static --specs=nano.specs -mfloat-abi=soft -mthumb -Wl,--start-group -lc -lm -Wl,--end-group
Finished building target: lab_2.elf
 
arm-none-eabi-size   lab_2.elf 
arm-none-eabi-objdump -h -S  lab_2.elf  > "lab_2.list"
arm-none-eabi-objcopy  -O ihex  lab_2.elf  "lab_2.hex"
   text	   data	    bss	    dec	    hex	filename
   8072	     20	   1684	   9776	   2630	lab_2.elf
arm-none-eabi-objcopy  -O binary  lab_2.elf  "lab_2.bin"
Finished building: default.size.stdout
 
Finished building: lab_2.hex
Finished building: lab_2.bin
 
 
Finished building: lab_2.list
 

22:10:31 Build Finished. 0 errors, 0 warnings. (took 674ms)

